big_m36_L36 36.0 fix 1 -0.6706341666666666 4.410559271684865e-05 36.0 90.0
big_m36_L36 36.0 fix 2 -0.6705469933127571 4.421579340810676e-05 36.0 87.7
big_m36_L36 36.0 field 1 -0.6704812010802469 4.346566659907177e-05 35.99081999999999 89.9
big_m36_L36 36.0 field 2 -0.6705775487311385 4.441334345171787e-05 35.991020000000006 90.2
big_m36_L36 72.0 fix 1 -0.670603859096365 2.910679791978682e-05 36.0 31.1
big_m36_L36 72.0 fix 2 -0.6705453227880658 2.973636663273163e-05 36.0 30.5
big_m18_L36 36.0 fix 1 -0.6710794410150891 4.3081328343561815e-05 72.0 83.0
big_m18_L36 36.0 fix 2 -0.6710809117798355 4.025273719282544e-05 72.0 84.2
big_m18_L36 36.0 field 1 -0.6711515775548696 3.6405973166332954e-05 71.99356 93.3
big_m18_L36 36.0 field 2 -0.6711209944101509 3.807597164711056e-05 71.99338 92.4
big_m12_L36 36.0 fix 1 -0.6752971892146776 3.6504332007426666e-05 108.0 100.4
big_m12_L36 36.0 fix 2 -0.6753079025205762 4.34862443862693e-05 108.0 99.9
big_m18_L36 72.0 fix 1 -0.6710571581361453 2.8166806414927914e-05 72.0 34.4
big_m18_L36 72.0 fix 2 -0.6710774997856653 2.4940233683901973e-05 72.0 34.0
big_m12_L36 36.0 field 1 -0.6753881573216733 4.164989147483307e-05 107.99923999999999 92.3
big_m12_L36 36.0 field 2 -0.6753319298696843 4.538621932014476e-05 107.99889999999999 91.2
big_m9_L36 36.0 fix 1 -0.6750070627572017 4.355586107361788e-05 144.0 86.0
big_m9_L36 36.0 fix 2 -0.6748971609224965 5.6836527376382544e-05 144.0 86.2
big_m12_L36 72.0 fix 1 -0.6753149657064472 3.0240466981166926e-05 108.0 31.7
big_m12_L36 72.0 fix 2 -0.6753500985939644 2.90739869421343e-05 108.0 31.7
big_m9_L36 36.0 field 1 -0.675145055898491 3.800826103101865e-05 143.99914 84.0
big_m9_L36 36.0 field 2 -0.6750850721879285 3.734985191641181e-05 143.99894 83.0
big_m9_L36 72.0 fix 1 -0.6750442999828532 2.774372892846201e-05 144.0 31.8
big_m9_L36 72.0 fix 2 -0.6750203566529492 3.0345972778537767e-05 144.0 31.3
