t=91/7200 tr=[0, 0, 999331]
t=163/7200 tr=[0, 0, 999331]
t=240/7200 tr=[0, 0, 1149602]
t=315/7200 tr=[0, 0, 1156398]
t=390/7200 tr=[0, 0, 1156398]
t=466/7200 tr=[0, 0, 1156398]
t=546/7200 tr=[0, 0, 1156398]
t=618/7200 tr=[0, 0, 1156398]
t=686/7200 tr=[0, 0, 1156398]
t=759/7200 tr=[0, 0, 1156398]
t=832/7200 tr=[0, 0, 1303399]
t=909/7200 tr=[0, 0, 1303399]
t=982/7200 tr=[0, 0, 1303399]
t=1056/7200 tr=[0, 0, 1303399]
t=1129/7200 tr=[0, 0, 1303399]
t=1207/7200 tr=[0, 0, 1303399]
t=1281/7200 tr=[0, 0, 1303399]
t=1358/7200 tr=[0, 0, 1303399]
t=1438/7200 tr=[0, 0, 1303399]
t=1517/7200 tr=[0, 0, 1303399]
t=1590/7200 tr=[0, 0, 1303399]
t=1665/7200 tr=[0, 0, 1303399]
t=1743/7200 tr=[0, 0, 1303399]
t=1823/7200 tr=[0, 0, 1303399]
t=1906/7200 tr=[0, 0, 1303399]
t=1984/7200 tr=[0, 0, 1558638]
t=2062/7200 tr=[0, 0, 1558638]
t=2136/7200 tr=[0, 0, 1558638]
t=2208/7200 tr=[0, 0, 1558638]
t=2279/7200 tr=[0, 0, 1558638]
t=2351/7200 tr=[0, 0, 1558638]
t=2420/7200 tr=[0, 0, 1558638]
t=2501/7200 tr=[0, 0, 1558638]
t=2584/7200 tr=[0, 0, 1558638]
t=2662/7200 tr=[0, 0, 1558638]
t=2743/7200 tr=[0, 0, 1558638]
t=2819/7200 tr=[0, 0, 1558638]
t=2899/7200 tr=[0, 0, 1558638]
t=2973/7200 tr=[0, 0, 1558638]
t=3055/7200 tr=[0, 0, 1558638]
t=3133/7200 tr=[0, 0, 1558638]
t=3206/7200 tr=[0, 0, 1558638]
t=3281/7200 tr=[0, 0, 1558638]
t=3356/7200 tr=[0, 0, 1558638]
t=3429/7200 tr=[0, 0, 1558638]
t=3507/7200 tr=[0, 0, 1558638]
t=3578/7200 tr=[0, 0, 1558638]
t=3653/7200 tr=[0, 0, 1558638]
t=3723/7200 tr=[0, 0, 1558638]
t=3792/7200 tr=[0, 0, 1558638]
t=3865/7200 tr=[0, 0, 1558638]
t=3938/7200 tr=[0, 0, 1574515]
t=4012/7200 tr=[0, 0, 1574515]
t=4084/7200 tr=[0, 0, 1574515]
t=4148/7200 tr=[0, 0, 1574515]
t=4212/7200 tr=[0, 0, 1574515]
t=4278/7200 tr=[0, 0, 1574515]
t=4351/7200 tr=[0, 0, 1574515]
t=4418/7200 tr=[0, 0, 1574515]
t=4486/7200 tr=[0, 0, 1574515]
t=4557/7200 tr=[0, 0, 1574515]
t=4629/7200 tr=[0, 0, 1574515]
t=4701/7200 tr=[0, 0, 1574515]
t=4771/7200 tr=[0, 0, 1574515]
t=4843/7200 tr=[0, 0, 1574515]
t=4915/7200 tr=[0, 0, 1574515]
t=4999/7200 tr=[0, 0, 1574515]
t=5079/7200 tr=[0, 0, 1574515]
t=5162/7200 tr=[0, 0, 1574515]
t=5248/7200 tr=[0, 0, 1574515]
t=5328/7200 tr=[0, 0, 1574515]
t=5407/7200 tr=[0, 0, 1574515]
t=5482/7200 tr=[0, 0, 1574515]
t=5558/7200 tr=[0, 0, 1574515]
t=5636/7200 tr=[0, 0, 1574515]
t=5712/7200 tr=[0, 0, 1574515]
t=5786/7200 tr=[0, 0, 1574515]
t=5864/7200 tr=[0, 0, 1574515]
t=5939/7200 tr=[0, 0, 1574515]
t=6026/7200 tr=[0, 0, 1574515]
t=6099/7200 tr=[0, 0, 1574515]
t=6167/7200 tr=[0, 0, 1574515]
t=6239/7200 tr=[0, 0, 1574515]
t=6311/7200 tr=[0, 0, 1574515]
t=6382/7200 tr=[0, 0, 1574515]
t=6450/7200 tr=[0, 0, 1574515]
t=6526/7200 tr=[0, 0, 1574515]
t=6601/7200 tr=[0, 0, 1574515]
t=6674/7200 tr=[0, 0, 1574515]
t=6751/7200 tr=[0, 0, 1574515]
t=6831/7200 tr=[0, 0, 1574515]
t=6907/7200 tr=[0, 0, 1574515]
t=6984/7200 tr=[0, 0, 1574515]
t=7060/7200 tr=[0, 0, 1574515]
t=7133/7200 tr=[0, 0, 1574515]
{"tag": "orig_s2", "pkl": "big_m36_L36.pkl", "mode": "orig", "beta": 36.0, "h": 0.13, "seed": 2, "ntherm": 1200, "nmeas": 6000, "S_lieb": 36.0, "e": -0.6705541230852768, "e_err": 0.00013329389323992618, "m": 0.027768132716049377, "sign_mean": 1.0, "sign_min": 1, "loops_over_cap": 0, "loops_truncated": 0, "max_loop_steps": 1574515, "maxM": 106329}
