t=89/7200 tr=[0, 0, 956875]
t=161/7200 tr=[0, 0, 996802]
t=239/7200 tr=[0, 0, 1073239]
t=313/7200 tr=[0, 0, 1073239]
t=386/7200 tr=[0, 0, 1073239]
t=459/7200 tr=[0, 0, 1073239]
t=532/7200 tr=[0, 0, 1073239]
t=603/7200 tr=[0, 0, 1073239]
t=675/7200 tr=[0, 0, 1073239]
t=753/7200 tr=[0, 0, 1073239]
t=832/7200 tr=[0, 0, 1073239]
t=904/7200 tr=[0, 0, 1073239]
t=978/7200 tr=[0, 0, 1073239]
t=1055/7200 tr=[0, 0, 1073239]
t=1133/7200 tr=[0, 0, 1086102]
t=1209/7200 tr=[0, 0, 1086102]
t=1284/7200 tr=[0, 0, 1452122]
t=1363/7200 tr=[0, 0, 1452122]
t=1446/7200 tr=[0, 0, 1452122]
t=1526/7200 tr=[0, 0, 1452122]
t=1604/7200 tr=[0, 0, 1452122]
t=1678/7200 tr=[0, 0, 1452122]
t=1754/7200 tr=[0, 0, 1452122]
t=1833/7200 tr=[0, 0, 1452122]
t=1916/7200 tr=[0, 0, 1496172]
t=1998/7200 tr=[0, 0, 1496172]
t=2076/7200 tr=[0, 0, 1496172]
t=2154/7200 tr=[0, 0, 1496172]
t=2229/7200 tr=[0, 0, 1496172]
t=2303/7200 tr=[0, 0, 1496172]
t=2376/7200 tr=[0, 0, 1496172]
t=2451/7200 tr=[0, 0, 1496172]
t=2537/7200 tr=[0, 0, 1686195]
t=2621/7200 tr=[0, 0, 1686195]
t=2696/7200 tr=[0, 0, 1686195]
t=2775/7200 tr=[0, 0, 1686195]
t=2856/7200 tr=[0, 0, 1686195]
t=2934/7200 tr=[0, 0, 1686195]
t=3010/7200 tr=[0, 0, 1686195]
t=3094/7200 tr=[0, 0, 1686195]
t=3173/7200 tr=[0, 0, 1686195]
t=3251/7200 tr=[0, 0, 1686195]
t=3326/7200 tr=[0, 0, 1686195]
t=3399/7200 tr=[0, 0, 1686195]
t=3474/7200 tr=[0, 0, 1686195]
t=3550/7200 tr=[0, 0, 1686195]
t=3624/7200 tr=[0, 0, 1686195]
t=3701/7200 tr=[0, 0, 1686195]
t=3771/7200 tr=[0, 0, 1686195]
t=3840/7200 tr=[0, 0, 1686195]
t=3909/7200 tr=[0, 0, 1686195]
t=3985/7200 tr=[0, 0, 1686195]
t=4057/7200 tr=[0, 0, 1686195]
t=4130/7200 tr=[0, 0, 1686195]
t=4199/7200 tr=[0, 0, 1686195]
t=4268/7200 tr=[0, 0, 1686195]
t=4332/7200 tr=[0, 0, 1686195]
t=4402/7200 tr=[0, 0, 1686195]
t=4466/7200 tr=[0, 0, 1686195]
t=4536/7200 tr=[0, 0, 1686195]
t=4604/7200 tr=[0, 0, 1686195]
t=4679/7200 tr=[0, 0, 1686195]
t=4755/7200 tr=[0, 0, 1686195]
t=4830/7200 tr=[0, 0, 1686195]
t=4905/7200 tr=[0, 0, 1686195]
t=4978/7200 tr=[0, 0, 1686195]
t=5060/7200 tr=[0, 0, 1686195]
t=5138/7200 tr=[0, 0, 1686195]
t=5219/7200 tr=[0, 0, 1686195]
t=5303/7200 tr=[0, 0, 1686195]
t=5387/7200 tr=[0, 0, 1686195]
t=5468/7200 tr=[0, 0, 1686195]
t=5543/7200 tr=[0, 0, 1686195]
t=5622/7200 tr=[0, 0, 1686195]
t=5700/7200 tr=[0, 0, 1686195]
t=5773/7200 tr=[0, 0, 1686195]
t=5849/7200 tr=[0, 0, 1686195]
t=5929/7200 tr=[0, 0, 1686195]
t=6007/7200 tr=[0, 0, 1686195]
t=6093/7200 tr=[0, 0, 1686195]
t=6168/7200 tr=[0, 0, 1686195]
t=6240/7200 tr=[0, 0, 1686195]
t=6317/7200 tr=[0, 0, 1686195]
t=6394/7200 tr=[0, 0, 1686195]
t=6466/7200 tr=[0, 0, 1686195]
t=6539/7200 tr=[0, 0, 1686195]
t=6613/7200 tr=[0, 0, 1686195]
t=6690/7200 tr=[0, 0, 1686195]
t=6764/7200 tr=[0, 0, 1686195]
t=6845/7200 tr=[0, 0, 1686195]
t=6930/7200 tr=[0, 0, 1686195]
t=7011/7200 tr=[0, 0, 1686195]
t=7085/7200 tr=[0, 0, 1686195]
t=7161/7200 tr=[0, 0, 1686195]
{"tag": "orig_s1", "pkl": "big_m36_L36.pkl", "mode": "orig", "beta": 36.0, "h": 0.13, "seed": 1, "ntherm": 1200, "nmeas": 6000, "S_lieb": 36.0, "e": -0.6703138824588478, "e_err": 0.0001386181895298853, "m": 0.027772247942386828, "sign_mean": 1.0, "sign_min": 1, "loops_over_cap": 0, "loops_truncated": 0, "max_loop_steps": 1686195, "maxM": 106667}
