t=91/7200 tr=[0, 0, 999331]
t=163/7200 tr=[0, 0, 999331]
t=240/7200 tr=[0, 0, 1149602]
t=312/7200 tr=[0, 0, 1156398]
t=391/7200 tr=[0, 0, 1156398]
t=469/7200 tr=[0, 0, 1156398]
t=547/7200 tr=[0, 0, 1156398]
t=617/7200 tr=[0, 0, 1156398]
t=687/7200 tr=[0, 0, 1156398]
t=759/7200 tr=[0, 0, 1156398]
t=834/7200 tr=[0, 0, 1303399]
t=910/7200 tr=[0, 0, 1303399]
t=984/7200 tr=[0, 0, 1303399]
t=1059/7200 tr=[0, 0, 1303399]
t=1135/7200 tr=[0, 0, 1303399]
t=1214/7200 tr=[0, 0, 1303399]
t=1288/7200 tr=[0, 0, 1303399]
t=1367/7200 tr=[0, 0, 1303399]
t=1445/7200 tr=[0, 0, 1303399]
t=1524/7200 tr=[0, 0, 1303399]
t=1596/7200 tr=[0, 0, 1303399]
t=1673/7200 tr=[0, 0, 1303399]
t=1750/7200 tr=[0, 0, 1303399]
t=1832/7200 tr=[0, 0, 1303399]
t=1914/7200 tr=[0, 0, 1558638]
t=1994/7200 tr=[0, 0, 1558638]
t=2071/7200 tr=[0, 0, 1558638]
t=2147/7200 tr=[0, 0, 1558638]
t=2220/7200 tr=[0, 0, 1558638]
t=2295/7200 tr=[0, 0, 1558638]
t=2366/7200 tr=[0, 0, 1558638]
t=2441/7200 tr=[0, 0, 1558638]
t=2526/7200 tr=[0, 0, 1558638]
t=2603/7200 tr=[0, 0, 1558638]
t=2682/7200 tr=[0, 0, 1558638]
t=2759/7200 tr=[0, 0, 1558638]
t=2835/7200 tr=[0, 0, 1558638]
t=2913/7200 tr=[0, 0, 1558638]
t=2990/7200 tr=[0, 0, 1558638]
t=3071/7200 tr=[0, 0, 1558638]
t=3150/7200 tr=[0, 0, 1558638]
t=3225/7200 tr=[0, 0, 1558638]
t=3301/7200 tr=[0, 0, 1558638]
t=3377/7200 tr=[0, 0, 1558638]
t=3450/7200 tr=[0, 0, 1558638]
t=3526/7200 tr=[0, 0, 1558638]
t=3600/7200 tr=[0, 0, 1558638]
t=3674/7200 tr=[0, 0, 1558638]
t=3745/7200 tr=[0, 0, 1558638]
t=3815/7200 tr=[0, 0, 1558638]
t=3885/7200 tr=[0, 0, 1574515]
t=3957/7200 tr=[0, 0, 1574515]
t=4031/7200 tr=[0, 0, 1574515]
t=4106/7200 tr=[0, 0, 1574515]
t=4168/7200 tr=[0, 0, 1574515]
t=4234/7200 tr=[0, 0, 1574515]
t=4298/7200 tr=[0, 0, 1574515]
t=4369/7200 tr=[0, 0, 1574515]
t=4434/7200 tr=[0, 0, 1574515]
t=4502/7200 tr=[0, 0, 1574515]
t=4573/7200 tr=[0, 0, 1574515]
t=4646/7200 tr=[0, 0, 1574515]
t=4716/7200 tr=[0, 0, 1574515]
t=4787/7200 tr=[0, 0, 1574515]
t=4859/7200 tr=[0, 0, 1574515]
t=4930/7200 tr=[0, 0, 1574515]
t=5014/7200 tr=[0, 0, 1574515]
t=5094/7200 tr=[0, 0, 1574515]
t=5175/7200 tr=[0, 0, 1574515]
t=5258/7200 tr=[0, 0, 1574515]
t=5336/7200 tr=[0, 0, 1574515]
t=5417/7200 tr=[0, 0, 1574515]
t=5490/7200 tr=[0, 0, 1574515]
t=5566/7200 tr=[0, 0, 1574515]
t=5642/7200 tr=[0, 0, 1574515]
t=5719/7200 tr=[0, 0, 1574515]
t=5795/7200 tr=[0, 0, 1574515]
t=5873/7200 tr=[0, 0, 1574515]
t=5947/7200 tr=[0, 0, 1574515]
t=6031/7200 tr=[0, 0, 1574515]
t=6103/7200 tr=[0, 0, 1574515]
t=6174/7200 tr=[0, 0, 1574515]
t=6251/7200 tr=[0, 0, 1574515]
t=6331/7200 tr=[0, 0, 1574515]
t=6404/7200 tr=[0, 0, 1574515]
t=6476/7200 tr=[0, 0, 1574515]
t=6552/7200 tr=[0, 0, 1574515]
t=6629/7200 tr=[0, 0, 1574515]
t=6703/7200 tr=[0, 0, 1574515]
t=6783/7200 tr=[0, 0, 1574515]
t=6865/7200 tr=[0, 0, 1574515]
t=6943/7200 tr=[0, 0, 1574515]
t=7019/7200 tr=[0, 0, 1574515]
t=7096/7200 tr=[0, 0, 1574515]
t=7169/7200 tr=[0, 0, 1574515]
{"tag": "nocap_s2", "pkl": "big_m36_L36.pkl", "mode": "nocap", "beta": 36.0, "h": 0.13, "seed": 2, "ntherm": 1200, "nmeas": 6000, "S_lieb": 36.0, "e": -0.6704914158950619, "e_err": 0.00012424735672141097, "m": 0.027768904320987647, "sign_mean": 1.0, "sign_min": 1, "loops_over_cap": 0, "loops_truncated": 0, "max_loop_steps": 1574515, "maxM": 106329}
