t=91/7200 tr=[0, 0, 956875]
t=163/7200 tr=[0, 0, 996802]
t=241/7200 tr=[0, 0, 1073239]
t=318/7200 tr=[0, 0, 1073239]
t=391/7200 tr=[0, 0, 1073239]
t=467/7200 tr=[0, 0, 1073239]
t=537/7200 tr=[0, 0, 1073239]
t=607/7200 tr=[0, 0, 1073239]
t=681/7200 tr=[0, 0, 1073239]
t=761/7200 tr=[0, 0, 1073239]
t=838/7200 tr=[0, 0, 1073239]
t=909/7200 tr=[0, 0, 1073239]
t=982/7200 tr=[0, 0, 1073239]
t=1061/7200 tr=[0, 0, 1073239]
t=1137/7200 tr=[0, 0, 1086102]
t=1212/7200 tr=[0, 0, 1086102]
t=1287/7200 tr=[0, 0, 1452122]
t=1364/7200 tr=[0, 0, 1452122]
t=1448/7200 tr=[0, 0, 1452122]
t=1529/7200 tr=[0, 0, 1452122]
t=1605/7200 tr=[0, 0, 1452122]
t=1681/7200 tr=[0, 0, 1452122]
t=1757/7200 tr=[0, 0, 1452122]
t=1839/7200 tr=[0, 0, 1452122]
t=1921/7200 tr=[0, 0, 1496172]
t=2005/7200 tr=[0, 0, 1496172]
t=2080/7200 tr=[0, 0, 1496172]
t=2157/7200 tr=[0, 0, 1496172]
t=2230/7200 tr=[0, 0, 1496172]
t=2304/7200 tr=[0, 0, 1496172]
t=2378/7200 tr=[0, 0, 1496172]
t=2453/7200 tr=[0, 0, 1496172]
t=2538/7200 tr=[0, 0, 1686195]
t=2621/7200 tr=[0, 0, 1686195]
t=2699/7200 tr=[0, 0, 1686195]
t=2778/7200 tr=[0, 0, 1686195]
t=2858/7200 tr=[0, 0, 1686195]
t=2933/7200 tr=[0, 0, 1686195]
t=3007/7200 tr=[0, 0, 1686195]
t=3093/7200 tr=[0, 0, 1686195]
t=3174/7200 tr=[0, 0, 1686195]
t=3249/7200 tr=[0, 0, 1686195]
t=3325/7200 tr=[0, 0, 1686195]
t=3399/7200 tr=[0, 0, 1686195]
t=3474/7200 tr=[0, 0, 1686195]
t=3551/7200 tr=[0, 0, 1686195]
t=3628/7200 tr=[0, 0, 1686195]
t=3708/7200 tr=[0, 0, 1686195]
t=3776/7200 tr=[0, 0, 1686195]
t=3843/7200 tr=[0, 0, 1686195]
t=3912/7200 tr=[0, 0, 1686195]
t=3986/7200 tr=[0, 0, 1686195]
t=4060/7200 tr=[0, 0, 1686195]
t=4134/7200 tr=[0, 0, 1686195]
t=4204/7200 tr=[0, 0, 1686195]
t=4274/7200 tr=[0, 0, 1686195]
t=4340/7200 tr=[0, 0, 1686195]
t=4410/7200 tr=[0, 0, 1686195]
t=4472/7200 tr=[0, 0, 1686195]
t=4544/7200 tr=[0, 0, 1686195]
t=4612/7200 tr=[0, 0, 1686195]
t=4688/7200 tr=[0, 0, 1686195]
t=4762/7200 tr=[0, 0, 1686195]
t=4838/7200 tr=[0, 0, 1686195]
t=4910/7200 tr=[0, 0, 1686195]
t=4984/7200 tr=[0, 0, 1686195]
t=5067/7200 tr=[0, 0, 1686195]
t=5144/7200 tr=[0, 0, 1686195]
t=5225/7200 tr=[0, 0, 1686195]
t=5312/7200 tr=[0, 0, 1686195]
t=5397/7200 tr=[0, 0, 1686195]
t=5474/7200 tr=[0, 0, 1686195]
t=5546/7200 tr=[0, 0, 1686195]
t=5625/7200 tr=[0, 0, 1686195]
t=5703/7200 tr=[0, 0, 1686195]
t=5778/7200 tr=[0, 0, 1686195]
t=5853/7200 tr=[0, 0, 1686195]
t=5934/7200 tr=[0, 0, 1686195]
t=6013/7200 tr=[0, 0, 1686195]
t=6099/7200 tr=[0, 0, 1686195]
t=6171/7200 tr=[0, 0, 1686195]
t=6240/7200 tr=[0, 0, 1686195]
t=6317/7200 tr=[0, 0, 1686195]
t=6390/7200 tr=[0, 0, 1686195]
t=6460/7200 tr=[0, 0, 1686195]
t=6535/7200 tr=[0, 0, 1686195]
t=6608/7200 tr=[0, 0, 1686195]
t=6684/7200 tr=[0, 0, 1686195]
t=6765/7200 tr=[0, 0, 1686195]
t=6846/7200 tr=[0, 0, 1686195]
t=6930/7200 tr=[0, 0, 1686195]
t=7010/7200 tr=[0, 0, 1686195]
t=7087/7200 tr=[0, 0, 1686195]
t=7168/7200 tr=[0, 0, 1686195]
{"tag": "nocap_s1", "pkl": "big_m36_L36.pkl", "mode": "nocap", "beta": 36.0, "h": 0.13, "seed": 1, "ntherm": 1200, "nmeas": 6000, "S_lieb": 36.0, "e": -0.6703444144375859, "e_err": 0.000135621662020958, "m": 0.027771733539094644, "sign_mean": 1.0, "sign_min": 1, "loops_over_cap": 0, "loops_truncated": 0, "max_loop_steps": 1686195, "maxM": 106667}
